--------------------------------------------------------------------------------------
Timing Analyzer Summary
--------------------------------------------------------------------------------------

Type           : Worst-case tsu
Slack          : N/A
Required Time  : None
Actual Time    : 13.706 ns
From           : resetN
To             : freq_detector:inst|altmult_accum0:inst8|altmult_accum:altmult_accum_component|mult_accum_q1d2:auto_generated|zaccum_h4l:zaccum2|accum_utk:accum|acc_ffa[31]
From Clock     : --
To Clock       : clk
Failed Paths   : 0

Type           : Worst-case tco
Slack          : N/A
Required Time  : None
Actual Time    : 14.872 ns
From           : sound_counter:inst11|count_i[6]
To             : ss0[1]
From Clock     : clk
To Clock       : --
Failed Paths   : 0

Type           : Worst-case th
Slack          : N/A
Required Time  : None
Actual Time    : -3.313 ns
From           : kb_clk
To             : keyboard:inst4|lpf:inst2|shiftreg[0]
From Clock     : --
To Clock       : clk
Failed Paths   : 0

Type           : Clock Setup: 'clk'
Slack          : N/A
Required Time  : None
Actual Time    : 11.44 MHz ( period = 87.398 ns )
From           : freq_detector:inst|altmult_accum0:inst8|altmult_accum:altmult_accum_component|mult_accum_q1d2:auto_generated|zaccum_h4l:zaccum2|accum_utk:accum|acc_ffa[31]
To             : freq_detector:inst|freq_compare:inst11|correct_freq
From Clock     : clk
To Clock       : clk
Failed Paths   : 0

Type           : Total number of failed paths
Slack          : 
Required Time  : 
Actual Time    : 
From           : 
To             : 
From Clock     : 
To Clock       : 
Failed Paths   : 0

--------------------------------------------------------------------------------------

