Analysis & Synthesis report for project
Wed Jan 04 14:06:07 2017
Quartus II Version 9.1 Build 350 03/24/2010 Service Pack 2 SJ Web Edition


---------------------
; Table of Contents ;
---------------------
  1. Legal Notice
  2. Analysis & Synthesis Summary
  3. Analysis & Synthesis Settings
  4. Parallel Compilation
  5. Analysis & Synthesis Source Files Read
  6. Analysis & Synthesis Resource Usage Summary
  7. Analysis & Synthesis Resource Utilization by Entity
  8. General Register Statistics
  9. Analysis & Synthesis Messages



----------------
; Legal Notice ;
----------------
Copyright (C) 1991-2010 Altera Corporation
Your use of Altera Corporation's design tools, logic functions 
and other software and tools, and its AMPP partner logic 
functions, and any output files from any of the foregoing 
(including device programming or simulation files), and any 
associated documentation or information are expressly subject 
to the terms and conditions of the Altera Program License 
Subscription Agreement, Altera MegaCore Function License 
Agreement, or other applicable license agreement, including, 
without limitation, that your use is for the sole purpose of 
programming logic devices manufactured by Altera and sold by 
Altera or its authorized distributors.  Please refer to the 
applicable agreement for further details.



+-----------------------------------------------------------------------------------+
; Analysis & Synthesis Summary                                                      ;
+------------------------------------+----------------------------------------------+
; Analysis & Synthesis Status        ; Successful - Wed Jan 04 14:06:07 2017        ;
; Quartus II Version                 ; 9.1 Build 350 03/24/2010 SP 2 SJ Web Edition ;
; Revision Name                      ; project                                      ;
; Top-level Entity Name              ; ram_counter                                  ;
; Family                             ; Cyclone II                                   ;
; Total logic elements               ; 23                                           ;
;     Total combinational functions  ; 23                                           ;
;     Dedicated logic registers      ; 10                                           ;
; Total registers                    ; 10                                           ;
; Total pins                         ; 23                                           ;
; Total virtual pins                 ; 0                                            ;
; Total memory bits                  ; 0                                            ;
; Embedded Multiplier 9-bit elements ; 0                                            ;
; Total PLLs                         ; 0                                            ;
+------------------------------------+----------------------------------------------+


+----------------------------------------------------------------------------------------------------------------------+
; Analysis & Synthesis Settings                                                                                        ;
+----------------------------------------------------------------------------+--------------------+--------------------+
; Option                                                                     ; Setting            ; Default Value      ;
+----------------------------------------------------------------------------+--------------------+--------------------+
; Top-level entity name                                                      ; ram_counter        ; project            ;
; Family name                                                                ; Cyclone II         ; Stratix II         ;
; Use smart compilation                                                      ; Off                ; Off                ;
; Enable parallel Assembler and TimeQuest Timing Analyzer during compilation ; On                 ; On                 ;
; Enable compact report table                                                ; Off                ; Off                ;
; Restructure Multiplexers                                                   ; Auto               ; Auto               ;
; Create Debugging Nodes for IP Cores                                        ; Off                ; Off                ;
; Preserve fewer node names                                                  ; On                 ; On                 ;
; Disable OpenCore Plus hardware evaluation                                  ; Off                ; Off                ;
; Verilog Version                                                            ; Verilog_2001       ; Verilog_2001       ;
; VHDL Version                                                               ; VHDL_1993          ; VHDL_1993          ;
; State Machine Processing                                                   ; Auto               ; Auto               ;
; Safe State Machine                                                         ; Off                ; Off                ;
; Extract Verilog State Machines                                             ; On                 ; On                 ;
; Extract VHDL State Machines                                                ; On                 ; On                 ;
; Ignore Verilog initial constructs                                          ; Off                ; Off                ;
; Iteration limit for constant Verilog loops                                 ; 5000               ; 5000               ;
; Iteration limit for non-constant Verilog loops                             ; 250                ; 250                ;
; Add Pass-Through Logic to Inferred RAMs                                    ; On                 ; On                 ;
; Parallel Synthesis                                                         ; On                 ; On                 ;
; DSP Block Balancing                                                        ; Auto               ; Auto               ;
; NOT Gate Push-Back                                                         ; On                 ; On                 ;
; Power-Up Don't Care                                                        ; On                 ; On                 ;
; Remove Redundant Logic Cells                                               ; Off                ; Off                ;
; Remove Duplicate Registers                                                 ; On                 ; On                 ;
; Ignore CARRY Buffers                                                       ; Off                ; Off                ;
; Ignore CASCADE Buffers                                                     ; Off                ; Off                ;
; Ignore GLOBAL Buffers                                                      ; Off                ; Off                ;
; Ignore ROW GLOBAL Buffers                                                  ; Off                ; Off                ;
; Ignore LCELL Buffers                                                       ; Off                ; Off                ;
; Ignore SOFT Buffers                                                        ; On                 ; On                 ;
; Limit AHDL Integers to 32 Bits                                             ; Off                ; Off                ;
; Optimization Technique                                                     ; Balanced           ; Balanced           ;
; Carry Chain Length                                                         ; 70                 ; 70                 ;
; Auto Carry Chains                                                          ; On                 ; On                 ;
; Auto Open-Drain Pins                                                       ; On                 ; On                 ;
; Perform WYSIWYG Primitive Resynthesis                                      ; Off                ; Off                ;
; Auto ROM Replacement                                                       ; On                 ; On                 ;
; Auto RAM Replacement                                                       ; On                 ; On                 ;
; Auto Shift Register Replacement                                            ; Auto               ; Auto               ;
; Auto Clock Enable Replacement                                              ; On                 ; On                 ;
; Strict RAM Replacement                                                     ; Off                ; Off                ;
; Allow Synchronous Control Signals                                          ; On                 ; On                 ;
; Force Use of Synchronous Clear Signals                                     ; Off                ; Off                ;
; Auto RAM to Logic Cell Conversion                                          ; Off                ; Off                ;
; Auto Resource Sharing                                                      ; Off                ; Off                ;
; Allow Any RAM Size For Recognition                                         ; Off                ; Off                ;
; Allow Any ROM Size For Recognition                                         ; Off                ; Off                ;
; Allow Any Shift Register Size For Recognition                              ; Off                ; Off                ;
; Use LogicLock Constraints during Resource Balancing                        ; On                 ; On                 ;
; Ignore translate_off and synthesis_off directives                          ; Off                ; Off                ;
; Timing-Driven Synthesis                                                    ; Off                ; Off                ;
; Show Parameter Settings Tables in Synthesis Report                         ; On                 ; On                 ;
; Ignore Maximum Fan-Out Assignments                                         ; Off                ; Off                ;
; Synchronization Register Chain Length                                      ; 2                  ; 2                  ;
; PowerPlay Power Optimization                                               ; Normal compilation ; Normal compilation ;
; HDL message level                                                          ; Level2             ; Level2             ;
; Suppress Register Optimization Related Messages                            ; Off                ; Off                ;
; Number of Removed Registers Reported in Synthesis Report                   ; 5000               ; 5000               ;
; Number of Inverted Registers Reported in Synthesis Report                  ; 100                ; 100                ;
; Clock MUX Protection                                                       ; On                 ; On                 ;
; Auto Gated Clock Conversion                                                ; Off                ; Off                ;
; Block Design Naming                                                        ; Auto               ; Auto               ;
; SDC constraint protection                                                  ; Off                ; Off                ;
; Synthesis Effort                                                           ; Auto               ; Auto               ;
; Shift Register Replacement - Allow Asynchronous Clear Signal               ; On                 ; On                 ;
; Analysis & Synthesis Message Level                                         ; Medium             ; Medium             ;
; Disable Register Merging Across Hierarchies                                ; Auto               ; Auto               ;
; Resource Aware Inference For Block RAM                                     ; On                 ; On                 ;
+----------------------------------------------------------------------------+--------------------+--------------------+


Parallel compilation was disabled, but you have multiple processors available. Enable parallel compilation to reduce compilation time.
+-------------------------------------+
; Parallel Compilation                ;
+----------------------------+--------+
; Processors                 ; Number ;
+----------------------------+--------+
; Number detected on machine ; 2      ;
; Maximum allowed            ; 1      ;
+----------------------------+--------+


+-----------------------------------------------------------------------------------------------------------------------------------------------------------------------------------------------------------+
; Analysis & Synthesis Source Files Read                                                                                                                                                                    ;
+-------------------------------------------+-----------------+-----------------+---------------------------------------------------------------------------------------------------------------------------+
; File Name with User-Entered Path          ; Used in Netlist ; File Type       ; File Name with Absolute Path                                                                                              ;
+-------------------------------------------+-----------------+-----------------+---------------------------------------------------------------------------------------------------------------------------+
; modules/signal_proccesing/ram_counter.vhd ; yes             ; User VHDL File  ; D:/Documents/OneDrive - Technion/winter 1617/lab1_044160/project/project_1_1_17/modules/signal_proccesing/ram_counter.vhd ;
+-------------------------------------------+-----------------+-----------------+---------------------------------------------------------------------------------------------------------------------------+


+-----------------------------------------------------------+
; Analysis & Synthesis Resource Usage Summary               ;
+---------------------------------------------+-------------+
; Resource                                    ; Usage       ;
+---------------------------------------------+-------------+
; Estimated Total logic elements              ; 23          ;
;                                             ;             ;
; Total combinational functions               ; 23          ;
; Logic element usage by number of LUT inputs ;             ;
;     -- 4 input functions                    ; 12          ;
;     -- 3 input functions                    ; 0           ;
;     -- <=2 input functions                  ; 11          ;
;                                             ;             ;
; Logic elements by mode                      ;             ;
;     -- normal mode                          ; 14          ;
;     -- arithmetic mode                      ; 9           ;
;                                             ;             ;
; Total registers                             ; 10          ;
;     -- Dedicated logic registers            ; 10          ;
;     -- I/O registers                        ; 0           ;
;                                             ;             ;
; I/O pins                                    ; 23          ;
; Maximum fan-out node                        ; LessThan0~0 ;
; Maximum fan-out                             ; 10          ;
; Total fan-out                               ; 119         ;
; Average fan-out                             ; 2.13        ;
+---------------------------------------------+-------------+


+-----------------------------------------------------------------------------------------------------------------------------------------------------------------------------+
; Analysis & Synthesis Resource Utilization by Entity                                                                                                                         ;
+----------------------------+-------------------+--------------+-------------+--------------+---------+-----------+------+--------------+---------------------+--------------+
; Compilation Hierarchy Node ; LC Combinationals ; LC Registers ; Memory Bits ; DSP Elements ; DSP 9x9 ; DSP 18x18 ; Pins ; Virtual Pins ; Full Hierarchy Name ; Library Name ;
+----------------------------+-------------------+--------------+-------------+--------------+---------+-----------+------+--------------+---------------------+--------------+
; |ram_counter               ; 23 (23)           ; 10 (10)      ; 0           ; 0            ; 0       ; 0         ; 23   ; 0            ; |ram_counter        ; work         ;
+----------------------------+-------------------+--------------+-------------+--------------+---------+-----------+------+--------------+---------------------+--------------+
Note: For table entries with two numbers listed, the numbers in parentheses indicate the number of resources of the given type used by the specific entity alone. The numbers listed outside of parentheses indicate the total resources of the given type used by the specific entity and all of its sub-entities in the hierarchy.


+------------------------------------------------------+
; General Register Statistics                          ;
+----------------------------------------------+-------+
; Statistic                                    ; Value ;
+----------------------------------------------+-------+
; Total registers                              ; 10    ;
; Number of registers using Synchronous Clear  ; 0     ;
; Number of registers using Synchronous Load   ; 0     ;
; Number of registers using Asynchronous Clear ; 10    ;
; Number of registers using Asynchronous Load  ; 0     ;
; Number of registers using Clock Enable       ; 0     ;
; Number of registers using Preset             ; 0     ;
+----------------------------------------------+-------+


+-------------------------------+
; Analysis & Synthesis Messages ;
+-------------------------------+
Info: *******************************************************************
Info: Running Quartus II Analysis & Synthesis
    Info: Version 9.1 Build 350 03/24/2010 Service Pack 2 SJ Web Edition
    Info: Processing started: Wed Jan 04 14:06:05 2017
Info: Command: quartus_map --read_settings_files=on --write_settings_files=off project -c project
Info: Found 1 design units, including 1 entities, in source file examples/fsm_from_kb.bdf
    Info: Found entity 1: fsm_from_kb
Info: Found 1 design units, including 1 entities, in source file examples/sine_wave_generation_with_kb.bdf
    Info: Found entity 1: sine_wave_generation_with_kb
Info: Found 2 design units, including 1 entities, in source file modules/state_machine/fsm.vhd
    Info: Found design unit 1: fsm-arc_fsm
    Info: Found entity 1: fsm
Info: Found 2 design units, including 1 entities, in source file modules/state_machine/sound_counter.vhd
    Info: Found design unit 1: sound_counter-arc_sound_counter
    Info: Found entity 1: sound_counter
Info: Found 2 design units, including 1 entities, in source file modules/keyboard/bitrec.vhd
    Info: Found design unit 1: bitrec-arc_bitrec
    Info: Found entity 1: bitrec
Info: Found 2 design units, including 1 entities, in source file modules/keyboard/byterec.vhd
    Info: Found design unit 1: byterec-arc_byterec
    Info: Found entity 1: byterec
Info: Found 2 design units, including 1 entities, in source file modules/keyboard/key_pressed_detector.vhd
    Info: Found design unit 1: key_pressed_detector-arc_key_pressed_detector
    Info: Found entity 1: key_pressed_detector
Info: Found 1 design units, including 1 entities, in source file modules/keyboard/keyboard.bdf
    Info: Found entity 1: keyboard
Info: Found 2 design units, including 1 entities, in source file modules/keyboard/lpf.vhd
    Info: Found design unit 1: lpf-arc_lpf
    Info: Found entity 1: lpf
Info: Found 2 design units, including 1 entities, in source file modules/signal_generation/counter_256.vhd
    Info: Found design unit 1: counter_256-SYN
    Info: Found entity 1: counter_256
Info: Found 2 design units, including 1 entities, in source file modules/signal_generation/sine_table.vhd
    Info: Found design unit 1: sine_table-arc_sine_table
    Info: Found entity 1: sine_table
Info: Found 1 design units, including 1 entities, in source file modules/signal_generation/sine_wave.bdf
    Info: Found entity 1: sine_wave
Info: Found 2 design units, including 1 entities, in source file modules/misc/bcd2ss.vhd
    Info: Found design unit 1: bcd2ss-arc_bcd2ss
    Info: Found entity 1: bcd2ss
Info: Found 2 design units, including 1 entities, in source file modules/misc/clk_divider.vhd
    Info: Found design unit 1: clk_divider-arc_clk_divider
    Info: Found entity 1: clk_divider
Info: Found 2 design units, including 1 entities, in source file modules/misc/ob_si_conv.vhd
    Info: Found design unit 1: ob_si_conv-arc_ob_si_conv
    Info: Found entity 1: ob_si_conv
Info: Found 2 design units, including 0 entities, in source file modules/misc/utils.vhd
    Info: Found design unit 1: utils
    Info: Found design unit 2: utils-body
Info: Found 2 design units, including 1 entities, in source file modules/signal_proccesing/ram_counter.vhd
    Info: Found design unit 1: ram_counter-arc_ram_counter
    Info: Found entity 1: ram_counter
Info: Found 1 design units, including 1 entities, in source file modules/signal_proccesing/auto_cor.bdf
    Info: Found entity 1: auto_cor
Info: Elaborating entity "ram_counter" for the top level hierarchy
Warning: Design contains 1 input pin(s) that do not drive logic
    Warning (15610): No output dependent on input pin "enable"
Info: Implemented 56 device resources after synthesis - the final resource count might be different
    Info: Implemented 3 input pins
    Info: Implemented 20 output pins
    Info: Implemented 33 logic cells
Info: Quartus II Analysis & Synthesis was successful. 0 errors, 2 warnings
    Info: Peak virtual memory: 233 megabytes
    Info: Processing ended: Wed Jan 04 14:06:07 2017
    Info: Elapsed time: 00:00:02
    Info: Total CPU time (on all processors): 00:00:02


